UPPER player action: move d2 c1
5 |__|__| s|__| K|
4 |__|__|__|__|__|
3 |__|__|__|__|__|
2 |__|__|__|__|__|
1 | k|__| G|__|__|
    a  b  c  d  e

Captures UPPER: G B R P
Captures lower: s r p b

lower> 
