lower player action: move c1 c5 promote
5 |__|__|+r| G| K|
4 |__|__|__|__|__|
3 |__|__|__|__|__|
2 |__|__|__|__|__|
1 | k|__|__|__|__|
    a  b  c  d  e

Captures UPPER: G S B P
Captures lower: p r b s

UPPER> 
