lower player action: move b2 c3
5 |__| R|__|__| K|
4 |__|__|__|__|__|
3 |__|__| k|__|__|
2 |__|__|__|__|__|
1 |__|__|+s|__|__|
    a  b  c  d  e

Captures UPPER: G B R P
Captures lower: p s g b

UPPER> 
