UPPER player action: move e2 e1
5 |+p|__|__|__| K|
4 |__|__|__|__|__|
3 |__|__|__|__|__|
2 |__|__|__|__|__|
1 | k|__|__|__|+P|
    a  b  c  d  e

Captures UPPER: G S B R
Captures lower: r b s g

lower> 
