UPPER player action: move d4 c5
5 |__|__|__|__| K|
4 |__|__|__| G|__|
3 |__|__|__|__|__|
2 |__|__|__|__|__|
1 | k| g|__|__|__|
    a  b  c  d  e

Captures UPPER: S B R P
Captures lower: p r b s

lower player wins.  Illegal move.
