UPPER player action: move d2 d3
5 |__|__|__|__| K|
4 |__|__|__|__|__|
3 |__| g|__| G|__|
2 |__|__|__|__|__|
1 | k|__|__|__|__|
    a  b  c  d  e

Captures UPPER: S B R P
Captures lower: p r b s

lower> 
