lower player action: move a2 a3
5 | R| B| S| G| K|
4 |__|__|__|__| P|
3 | p|__|__|__|__|
2 |__|__|__|__|__|
1 | k| g| s| b| r|
    a  b  c  d  e

Captures UPPER: 
Captures lower: 

UPPER> 
