lower player action: drop g e4
5 | R|__|__|__| K|
4 |__|__|__|__| g|
3 |__|__|__|__| s|
2 |__|__|__|__|__|
1 |__| k|__|__|__|
    a  b  c  d  e

Captures UPPER: B R P G
Captures lower: p b s

lower player wins.  Checkmate.
