lower player action: move a1 b2
5 |__|__|__|__| K|
4 |__|__|__|__|__|
3 |__|__|__|__|__|
2 | p|__|__|__| R|
1 | k|__|__|__|__|
    a  b  c  d  e

Captures UPPER: G S B R
Captures lower: p b s g

UPPER player wins.  Illegal move.
