lower player action: drop b c2
5 |__|__| S|__| K|
4 |__|__|__|__|__|
3 |__|__|__|__|__|
2 |__|__| b|__|__|
1 | k|__|__| r|__|
    a  b  c  d  e

Captures UPPER: G S P
Captures lower: p r b g

UPPER player wins.  Illegal move.
