UPPER player action: move a1 e5
5 |__|__| K|__|+B|
4 |__|__|__|__|__|
3 |__|__|__|__|__|
2 |__|__|__|__|__|
1 |__|__| k|__|+b|
    a  b  c  d  e

Captures UPPER: G S R P
Captures lower: p r s g

lower> 
