UPPER player action: move c4 b5
5 |__|__|__|__| K|
4 |__|__|+S|__|__|
3 |__|__|__|__|__|
2 |__|__|__|__|__|
1 | k|__|__|__|+s|
    a  b  c  d  e

Captures UPPER: G B R P
Captures lower: p r b g

lower player wins.  Illegal move.
