UPPER player action: move d2 d1 promote
5 |__|+s|__|__| K|
4 |__|__|__|__|__|
3 |__|__|__|__|__|
2 |__|__|__|__|__|
1 | k|__|__|+S|__|
    a  b  c  d  e

Captures UPPER: G B R P
Captures lower: p r b g

lower> 
