UPPER player action: move c5 c4
5 |__|__|__|__| K|
4 |__|__| S|__|__|
3 |__|__|__|__|__|
2 |__|__| s|__|__|
1 | k|__|__|__|__|
    a  b  c  d  e

Captures UPPER: G B R P
Captures lower: p r b g

lower> 
